Perfect! Phase 33 implementation is complete and all tests pass. Here's a summary of what was accomplished:

## Phase 33 Implementation Summary

### Changes Made:

1. **signal_acceleration.rs** - Added `reset_acceleration_mode()` function (after line 116)
   - Resets acceleration_mode=false on true positives (matched=true)
   - Extracts prediction_node_id and iterates through evidence signals
   - Updates each signal's acceleration_mode property

2. **signal_acceleration.rs** - Fixed test assertions:
   - Test 7 (`test_record_feedback_false_positive_triggers_acceleration`): Changed assertion to expect `acceleration_mode=true` after FP
   - Test 8 (`test_record_feedback_true_positive_resets_acceleration`): Changed assertion to expect `acceleration_mode=false` after TP

3. **feedback_recorder.rs** - Wired both acceleration callbacks (lines 95-102):
   - On matched=true: calls `reinforce_signals_for_feedback()` AND `reset_acceleration_mode()`
   - On matched=false: calls `accelerate_signal_decay_for_false_positive()`

4. **lib.rs** - Re-exported `reset_acceleration_mode` from signal_acceleration module

### Verification Results:

✅ **cargo check -p siss-graph-db**: Passed with no errors
✅ **cargo test --lib signal_acceleration**: 8/8 tests passed
✅ **cargo test --lib feedback_recorder**: 8/8 tests passed

All results are captured in `/Users/andriileukhin/Documents/SovereignNexus/test-output.log`
