[     125ms] [LOG] [Fast Refresh] rebuilding @ http://localhost:3000/_next/static/chunks/0sb~_next_dist_0oby9zt._.js:2477
[    1844ms] [LOG] [Fast Refresh] done in 1820ms @ http://localhost:3000/_next/static/chunks/0sb~_next_dist_0oby9zt._.js:2477
[    1879ms] [INFO] %cDownload the React DevTools for a better development experience: https://react.dev/link/react-devtools font-weight:bold @ http://localhost:3000/_next/static/chunks/0sb~_next_dist_0oby9zt._.js:2477
[    1888ms] [LOG] [HMR] connected @ http://localhost:3000/_next/static/chunks/0sb~_next_dist_0oby9zt._.js:2477
[    1964ms] [ERROR] Access to XMLHttpRequest at 'http://localhost:8000/v1/ledger' from origin 'http://localhost:3000' has been blocked by CORS policy: No 'Access-Control-Allow-Origin' header is present on the requested resource. @ http://localhost:3000/governance-dashboard:0
[    1965ms] [ERROR] Failed to fetch ledger: AxiosError: Network Error
    at XMLHttpRequest.handleError (http://localhost:3000/_next/static/chunks/0sb~_axios_lib_0.~rrso._.js:2822:25)
    at Axios.request (http://localhost:3000/_next/static/chunks/0sb~_axios_lib_0.~rrso._.js:3846:49)
    at async VisionAPIClient.fetchLedger (http://localhost:3000/_next/static/chunks/Documents_SovereignNexus_services_siss-dashboard_0dp9f9x._.js:19:30)
    at async useLedger.useSWR (http://localhost:3000/_next/static/chunks/Documents_SovereignNexus_services_siss-dashboard_0dp9f9x._.js:103:28)
    at async useSWRHandler.useCallback[revalidate] (http://localhost:3000/_next/static/chunks/0sb~_swr_dist_0t6znw.._.js:1431:27) @ http://localhost:3000/_next/static/chunks/0sb~_next_dist_0oby9zt._.js:3318
[    2020ms] [ERROR] Failed to load resource: net::ERR_FAILED @ http://localhost:8000/v1/ledger:0
[    6952ms] [ERROR] Access to XMLHttpRequest at 'http://localhost:8000/v1/ledger' from origin 'http://localhost:3000' has been blocked by CORS policy: No 'Access-Control-Allow-Origin' header is present on the requested resource. @ http://localhost:3000/governance-dashboard:0
[    6952ms] [ERROR] Failed to fetch ledger: AxiosError: Network Error
    at XMLHttpRequest.handleError (http://localhost:3000/_next/static/chunks/0sb~_axios_lib_0.~rrso._.js:2822:25)
    at Axios.request (http://localhost:3000/_next/static/chunks/0sb~_axios_lib_0.~rrso._.js:3846:49)
    at async VisionAPIClient.fetchLedger (http://localhost:3000/_next/static/chunks/Documents_SovereignNexus_services_siss-dashboard_0dp9f9x._.js:19:30)
    at async useLedger.useSWR (http://localhost:3000/_next/static/chunks/Documents_SovereignNexus_services_siss-dashboard_0dp9f9x._.js:103:28)
    at async useSWRHandler.useCallback[revalidate] (http://localhost:3000/_next/static/chunks/0sb~_swr_dist_0t6znw.._.js:1431:27) @ http://localhost:3000/_next/static/chunks/0sb~_next_dist_0oby9zt._.js:3318
[    6970ms] [ERROR] Failed to load resource: net::ERR_FAILED @ http://localhost:8000/v1/ledger:0
[   12005ms] [ERROR] Access to XMLHttpRequest at 'http://localhost:8000/v1/ledger' from origin 'http://localhost:3000' has been blocked by CORS policy: No 'Access-Control-Allow-Origin' header is present on the requested resource. @ http://localhost:3000/governance-dashboard:0
[   12005ms] [ERROR] Failed to fetch ledger: AxiosError: Network Error
    at XMLHttpRequest.handleError (http://localhost:3000/_next/static/chunks/0sb~_axios_lib_0.~rrso._.js:2822:25)
    at Axios.request (http://localhost:3000/_next/static/chunks/0sb~_axios_lib_0.~rrso._.js:3846:49)
    at async VisionAPIClient.fetchLedger (http://localhost:3000/_next/static/chunks/Documents_SovereignNexus_services_siss-dashboard_0dp9f9x._.js:19:30)
    at async useLedger.useSWR (http://localhost:3000/_next/static/chunks/Documents_SovereignNexus_services_siss-dashboard_0dp9f9x._.js:103:28)
    at async useSWRHandler.useCallback[revalidate] (http://localhost:3000/_next/static/chunks/0sb~_swr_dist_0t6znw.._.js:1431:27) @ http://localhost:3000/_next/static/chunks/0sb~_next_dist_0oby9zt._.js:3318
[   12021ms] [ERROR] Failed to load resource: net::ERR_FAILED @ http://localhost:8000/v1/ledger:0
